"The shipping address field is required." // tests/Feature/ShipmentCustomerProductsTest.php:161
"/Users/phanithlim/Documents/CRM-system/dgt-system/vendor/laravel/framework/src/Illuminate/Support/helpers.php" // tests/Feature/ShipmentCustomerProductsTest.php:161
423 // tests/Feature/ShipmentCustomerProductsTest.php:161
"""
#0 /Users/phanithlim/Documents/CRM-system/dgt-system/vendor/laravel/framework/src/Illuminate/Validation/Validator.php(598): throw_if(true, 'Illuminate\\Vali...', Object(Illuminate\Validation\Validator))\n
#1 /Users/phanithlim/Documents/CRM-system/dgt-system/vendor/laravel/framework/src/Illuminate/Foundation/Providers/FoundationServiceProvider.php(158): Illuminate\Validation\Validator->validate()\n
#2 /Users/phanithlim/Documents/CRM-system/dgt-system/vendor/laravel/framework/src/Illuminate/Macroable/Traits/Macroable.php(132): Illuminate\Http\Request->{closure:Illuminate\Foundation\Providers\FoundationServiceProvider::registerRequestValidation():150}(Array)\n
#3 /Users/phanithlim/Documents/CRM-system/dgt-system/app/Http/Controllers/CRM/ShipmentController.php(698): Illuminate\Http\Request->__call('validate', Array)\n
#4 /Users/phanithlim/Documents/CRM-system/dgt-system/vendor/laravel/framework/src/Illuminate/Routing/ControllerDispatcher.php(46): App\Http\Controllers\CRM\ShipmentController->updateCustomer(Object(Illuminate\Http\Request), Object(App\Models\Shipment), Object(App\Models\ShipmentCustomer))\n
#5 /Users/phanithlim/Documents/CRM-system/dgt-system/vendor/laravel/framework/src/Illuminate/Routing/Route.php(275): Illuminate\Routing\ControllerDispatcher->dispatch(Object(Illuminate\Routing\Route), Object(App\Http\Controllers\CRM\ShipmentController), 'updateCustomer')\n
#6 /Users/phanithlim/Documents/CRM-system/dgt-system/vendor/laravel/framework/src/Illuminate/Routing/Route.php(215): Illuminate\Routing\Route->runController()\n
#7 /Users/phanithlim/Documents/CRM-system/dgt-system/vendor/laravel/framework/src/Illuminate/Routing/Router.php(822): Illuminate\Routing\Route->run()\n
#8 /Users/phanithlim/Documents/CRM-system/dgt-system/vendor/laravel/framework/src/Illuminate/Pipeline/Pipeline.php(180): Illuminate\Routing\Router->{closure:Illuminate\Routing\Router::runRouteWithinStack():821}(Object(Illuminate\Http\Request))\n
#9 /Users/phanithlim/Documents/CRM-system/dgt-system/app/Http/Middleware/RestrictTechSupportToViewOnly.php(52): Illuminate\Pipeline\Pipeline->{closure:Illuminate\Pipeline\Pipeline::prepareDestination():178}(Object(Illuminate\Http\Request))\n
#10 /Users/phanithlim/Documents/CRM-system/dgt-system/vendor/laravel/framework/src/Illuminate/Pipeline/Pipeline.php(219): App\Http\Middleware\RestrictTechSupportToViewOnly->handle(Object(Illuminate\Http\Request), Object(Closure))\n
#11 /Users/phanithlim/Documents/CRM-system/dgt-system/app/Http/Middleware/CheckModuleMaintenance.php(23): Illuminate\Pipeline\Pipeline->{closure:{closure:Illuminate\Pipeline\Pipeline::carry():194}:195}(Object(Illuminate\Http\Request))\n
#12 /Users/phanithlim/Documents/CRM-system/dgt-system/vendor/laravel/framework/src/Illuminate/Pipeline/Pipeline.php(219): App\Http\Middleware\CheckModuleMaintenance->handle(Object(Illuminate\Http\Request), Object(Closure), 'crm')\n
#13 /Users/phanithlim/Documents/CRM-system/dgt-system/vendor/spatie/laravel-permission/src/Middleware/RoleMiddleware.php(42): Illuminate\Pipeline\Pipeline->{closure:{closure:Illuminate\Pipeline\Pipeline::carry():194}:195}(Object(Illuminate\Http\Request))\n
#14 /Users/phanithlim/Documents/CRM-system/dgt-system/vendor/laravel/framework/src/Illuminate/Pipeline/Pipeline.php(219): Spatie\Permission\Middleware\RoleMiddleware->handle(Object(Illuminate\Http\Request), Object(Closure), 'super-admin|adm...')\n
#15 /Users/phanithlim/Documents/CRM-system/dgt-system/app/Http/Middleware/LogActivity.php(27): Illuminate\Pipeline\Pipeline->{closure:{closure:Illuminate\Pipeline\Pipeline::carry():194}:195}(Object(Illuminate\Http\Request))\n
#16 /Users/phanithlim/Documents/CRM-system/dgt-system/vendor/laravel/framework/src/Illuminate/Pipeline/Pipeline.php(219): App\Http\Middleware\LogActivity->handle(Object(Illuminate\Http\Request), Object(Closure))\n
#17 /Users/phanithlim/Documents/CRM-system/dgt-system/app/Http/Middleware/EnsureUserIsActive.php(36): Illuminate\Pipeline\Pipeline->{closure:{closure:Illuminate\Pipeline\Pipeline::carry():194}:195}(Object(Illuminate\Http\Request))\n
#18 /Users/phanithlim/Documents/CRM-system/dgt-system/vendor/laravel/framework/src/Illuminate/Pipeline/Pipeline.php(219): App\Http\Middleware\EnsureUserIsActive->handle(Object(Illuminate\Http\Request), Object(Closure))\n
#19 /Users/phanithlim/Documents/CRM-system/dgt-system/app/Http/Middleware/CheckIpBan.php(36): Illuminate\Pipeline\Pipeline->{closure:{closure:Illuminate\Pipeline\Pipeline::carry():194}:195}(Object(Illuminate\Http\Request))\n
#20 /Users/phanithlim/Documents/CRM-system/dgt-system/vendor/laravel/framework/src/Illuminate/Pipeline/Pipeline.php(219): App\Http\Middleware\CheckIpBan->handle(Object(Illuminate\Http\Request), Object(Closure))\n
#21 /Users/phanithlim/Documents/CRM-system/dgt-system/vendor/laravel/framework/src/Illuminate/Http/Middleware/AddLinkHeadersForPreloadedAssets.php(32): Illuminate\Pipeline\Pipeline->{closure:{closure:Illuminate\Pipeline\Pipeline::carry():194}:195}(Object(Illuminate\Http\Request))\n
#22 /Users/phanithlim/Documents/CRM-system/dgt-system/vendor/laravel/framework/src/Illuminate/Pipeline/Pipeline.php(219): Illuminate\Http\Middleware\AddLinkHeadersForPreloadedAssets->handle(Object(Illuminate\Http\Request), Object(Closure))\n
#23 /Users/phanithlim/Documents/CRM-system/dgt-system/vendor/laravel/framework/src/Illuminate/Routing/Middleware/SubstituteBindings.php(52): Illuminate\Pipeline\Pipeline->{closure:{closure:Illuminate\Pipeline\Pipeline::carry():194}:195}(Object(Illuminate\Http\Request))\n
#24 /Users/phanithlim/Documents/CRM-system/dgt-system/vendor/laravel/framework/src/Illuminate/Pipeline/Pipeline.php(219): Illuminate\Routing\Middleware\SubstituteBindings->handle(Object(Illuminate\Http\Request), Object(Closure))\n
#25 /Users/phanithlim/Documents/CRM-system/dgt-system/vendor/laravel/framework/src/Illuminate/Auth/Middleware/Authenticate.php(63): Illuminate\Pipeline\Pipeline->{closure:{closure:Illuminate\Pipeline\Pipeline::carry():194}:195}(Object(Illuminate\Http\Request))\n
#26 /Users/phanithlim/Documents/CRM-system/dgt-system/vendor/laravel/framework/src/Illuminate/Pipeline/Pipeline.php(219): Illuminate\Auth\Middleware\Authenticate->handle(Object(Illuminate\Http\Request), Object(Closure))\n
#27 /Users/phanithlim/Documents/CRM-system/dgt-system/vendor/laravel/framework/src/Illuminate/Foundation/Http/Middleware/PreventRequestForgery.php(104): Illuminate\Pipeline\Pipeline->{closure:{closure:Illuminate\Pipeline\Pipeline::carry():194}:195}(Object(Illuminate\Http\Request))\n
#28 /Users/phanithlim/Documents/CRM-system/dgt-system/vendor/laravel/framework/src/Illuminate/Pipeline/Pipeline.php(219): Illuminate\Foundation\Http\Middleware\PreventRequestForgery->handle(Object(Illuminate\Http\Request), Object(Closure))\n
#29 /Users/phanithlim/Documents/CRM-system/dgt-system/vendor/laravel/framework/src/Illuminate/View/Middleware/ShareErrorsFromSession.php(48): Illuminate\Pipeline\Pipeline->{closure:{closure:Illuminate\Pipeline\Pipeline::carry():194}:195}(Object(Illuminate\Http\Request))\n
#30 /Users/phanithlim/Documents/CRM-system/dgt-system/vendor/laravel/framework/src/Illuminate/Pipeline/Pipeline.php(219): Illuminate\View\Middleware\ShareErrorsFromSession->handle(Object(Illuminate\Http\Request), Object(Closure))\n
#31 /Users/phanithlim/Documents/CRM-system/dgt-system/vendor/laravel/framework/src/Illuminate/Session/Middleware/StartSession.php(120): Illuminate\Pipeline\Pipeline->{closure:{closure:Illuminate\Pipeline\Pipeline::carry():194}:195}(Object(Illuminate\Http\Request))\n
#32 /Users/phanithlim/Documents/CRM-system/dgt-system/vendor/laravel/framework/src/Illuminate/Session/Middleware/StartSession.php(63): Illuminate\Session\Middleware\StartSession->handleStatefulRequest(Object(Illuminate\Http\Request), Object(Illuminate\Session\Store), Object(Closure))\n
#33 /Users/phanithlim/Documents/CRM-system/dgt-system/vendor/laravel/framework/src/Illuminate/Pipeline/Pipeline.php(219): Illuminate\Session\Middleware\StartSession->handle(Object(Illuminate\Http\Request), Object(Closure))\n
#34 /Users/phanithlim/Documents/CRM-system/dgt-system/vendor/laravel/framework/src/Illuminate/Cookie/Middleware/AddQueuedCookiesToResponse.php(36): Illuminate\Pipeline\Pipeline->{closure:{closure:Illuminate\Pipeline\Pipeline::carry():194}:195}(Object(Illuminate\Http\Request))\n
#35 /Users/phanithlim/Documents/CRM-system/dgt-system/vendor/laravel/framework/src/Illuminate/Pipeline/Pipeline.php(219): Illuminate\Cookie\Middleware\AddQueuedCookiesToResponse->handle(Object(Illuminate\Http\Request), Object(Closure))\n
#36 /Users/phanithlim/Documents/CRM-system/dgt-system/vendor/laravel/framework/src/Illuminate/Cookie/Middleware/EncryptCookies.php(74): Illuminate\Pipeline\Pipeline->{closure:{closure:Illuminate\Pipeline\Pipeline::carry():194}:195}(Object(Illuminate\Http\Request))\n
#37 /Users/phanithlim/Documents/CRM-system/dgt-system/vendor/laravel/framework/src/Illuminate/Pipeline/Pipeline.php(219): Illuminate\Cookie\Middleware\EncryptCookies->handle(Object(Illuminate\Http\Request), Object(Closure))\n
#38 /Users/phanithlim/Documents/CRM-system/dgt-system/vendor/laravel/framework/src/Illuminate/Pipeline/Pipeline.php(137): Illuminate\Pipeline\Pipeline->{closure:{closure:Illuminate\Pipeline\Pipeline::carry():194}:195}(Object(Illuminate\Http\Request))\n
#39 /Users/phanithlim/Documents/CRM-system/dgt-system/vendor/laravel/framework/src/Illuminate/Routing/Router.php(821): Illuminate\Pipeline\Pipeline->then(Object(Closure))\n
#40 /Users/phanithlim/Documents/CRM-system/dgt-system/vendor/laravel/framework/src/Illuminate/Routing/Router.php(800): Illuminate\Routing\Router->runRouteWithinStack(Object(Illuminate\Routing\Route), Object(Illuminate\Http\Request))\n
#41 /Users/phanithlim/Documents/CRM-system/dgt-system/vendor/laravel/framework/src/Illuminate/Routing/Router.php(764): Illuminate\Routing\Router->runRoute(Object(Illuminate\Http\Request), Object(Illuminate\Routing\Route))\n
#42 /Users/phanithlim/Documents/CRM-system/dgt-system/vendor/laravel/framework/src/Illuminate/Routing/Router.php(753): Illuminate\Routing\Router->dispatchToRoute(Object(Illuminate\Http\Request))\n
#43 /Users/phanithlim/Documents/CRM-system/dgt-system/vendor/laravel/framework/src/Illuminate/Foundation/Http/Kernel.php(200): Illuminate\Routing\Router->dispatch(Object(Illuminate\Http\Request))\n
#44 /Users/phanithlim/Documents/CRM-system/dgt-system/vendor/laravel/framework/src/Illuminate/Pipeline/Pipeline.php(180): Illuminate\Foundation\Http\Kernel->{closure:Illuminate\Foundation\Http\Kernel::dispatchToRouter():197}(Object(Illuminate\Http\Request))\n
#45 /Users/phanithlim/Documents/CRM-system/dgt-system/vendor/livewire/livewire/src/Features/SupportDisablingBackButtonCache/DisableBackButtonCacheMiddleware.php(19): Illuminate\Pipeline\Pipeline->{closure:Illuminate\Pipeline\Pipeline::prepareDestination():178}(Object(Illuminate\Http\Request))\n
#46 /Users/phanithlim/Documents/CRM-system/dgt-system/vendor/laravel/framework/src/Illuminate/Pipeline/Pipeline.php(219): Livewire\Features\SupportDisablingBackButtonCache\DisableBackButtonCacheMiddleware->handle(Object(Illuminate\Http\Request), Object(Closure))\n
#47 /Users/phanithlim/Documents/CRM-system/dgt-system/app/Http/Middleware/SecurityHeaders.php(18): Illuminate\Pipeline\Pipeline->{closure:{closure:Illuminate\Pipeline\Pipeline::carry():194}:195}(Object(Illuminate\Http\Request))\n
#48 /Users/phanithlim/Documents/CRM-system/dgt-system/vendor/laravel/framework/src/Illuminate/Pipeline/Pipeline.php(219): App\Http\Middleware\SecurityHeaders->handle(Object(Illuminate\Http\Request), Object(Closure))\n
#49 /Users/phanithlim/Documents/CRM-system/dgt-system/vendor/laravel/framework/src/Illuminate/Foundation/Http/Middleware/TransformsRequest.php(21): Illuminate\Pipeline\Pipeline->{closure:{closure:Illuminate\Pipeline\Pipeline::carry():194}:195}(Object(Illuminate\Http\Request))\n
#50 /Users/phanithlim/Documents/CRM-system/dgt-system/vendor/laravel/framework/src/Illuminate/Foundation/Http/Middleware/ConvertEmptyStringsToNull.php(31): Illuminate\Foundation\Http\Middleware\TransformsRequest->handle(Object(Illuminate\Http\Request), Object(Closure))\n
#51 /Users/phanithlim/Documents/CRM-system/dgt-system/vendor/laravel/framework/src/Illuminate/Pipeline/Pipeline.php(219): Illuminate\Foundation\Http\Middleware\ConvertEmptyStringsToNull->handle(Object(Illuminate\Http\Request), Object(Closure))\n
#52 /Users/phanithlim/Documents/CRM-system/dgt-system/vendor/laravel/framework/src/Illuminate/Foundation/Http/Middleware/TransformsRequest.php(21): Illuminate\Pipeline\Pipeline->{closure:{closure:Illuminate\Pipeline\Pipeline::carry():194}:195}(Object(Illuminate\Http\Request))\n
#53 /Users/phanithlim/Documents/CRM-system/dgt-system/vendor/laravel/framework/src/Illuminate/Foundation/Http/Middleware/TrimStrings.php(51): Illuminate\Foundation\Http\Middleware\TransformsRequest->handle(Object(Illuminate\Http\Request), Object(Closure))\n
#54 /Users/phanithlim/Documents/CRM-system/dgt-system/vendor/laravel/framework/src/Illuminate/Pipeline/Pipeline.php(219): Illuminate\Foundation\Http\Middleware\TrimStrings->handle(Object(Illuminate\Http\Request), Object(Closure))\n
#55 /Users/phanithlim/Documents/CRM-system/dgt-system/vendor/laravel/framework/src/Illuminate/Http/Middleware/ValidatePostSize.php(27): Illuminate\Pipeline\Pipeline->{closure:{closure:Illuminate\Pipeline\Pipeline::carry():194}:195}(Object(Illuminate\Http\Request))\n
#56 /Users/phanithlim/Documents/CRM-system/dgt-system/vendor/laravel/framework/src/Illuminate/Pipeline/Pipeline.php(219): Illuminate\Http\Middleware\ValidatePostSize->handle(Object(Illuminate\Http\Request), Object(Closure))\n
#57 /Users/phanithlim/Documents/CRM-system/dgt-system/vendor/laravel/framework/src/Illuminate/Foundation/Http/Middleware/PreventRequestsDuringMaintenance.php(109): Illuminate\Pipeline\Pipeline->{closure:{closure:Illuminate\Pipeline\Pipeline::carry():194}:195}(Object(Illuminate\Http\Request))\n
#58 /Users/phanithlim/Documents/CRM-system/dgt-system/vendor/laravel/framework/src/Illuminate/Pipeline/Pipeline.php(219): Illuminate\Foundation\Http\Middleware\PreventRequestsDuringMaintenance->handle(Object(Illuminate\Http\Request), Object(Closure))\n
#59 /Users/phanithlim/Documents/CRM-system/dgt-system/vendor/laravel/framework/src/Illuminate/Http/Middleware/HandleCors.php(61): Illuminate\Pipeline\Pipeline->{closure:{closure:Illuminate\Pipeline\Pipeline::carry():194}:195}(Object(Illuminate\Http\Request))\n
#60 /Users/phanithlim/Documents/CRM-system/dgt-system/vendor/laravel/framework/src/Illuminate/Pipeline/Pipeline.php(219): Illuminate\Http\Middleware\HandleCors->handle(Object(Illuminate\Http\Request), Object(Closure))\n
#61 /Users/phanithlim/Documents/CRM-system/dgt-system/vendor/laravel/framework/src/Illuminate/Http/Middleware/TrustProxies.php(58): Illuminate\Pipeline\Pipeline->{closure:{closure:Illuminate\Pipeline\Pipeline::carry():194}:195}(Object(Illuminate\Http\Request))\n
#62 /Users/phanithlim/Documents/CRM-system/dgt-system/vendor/laravel/framework/src/Illuminate/Pipeline/Pipeline.php(219): Illuminate\Http\Middleware\TrustProxies->handle(Object(Illuminate\Http\Request), Object(Closure))\n
#63 /Users/phanithlim/Documents/CRM-system/dgt-system/vendor/laravel/framework/src/Illuminate/Foundation/Http/Middleware/InvokeDeferredCallbacks.php(22): Illuminate\Pipeline\Pipeline->{closure:{closure:Illuminate\Pipeline\Pipeline::carry():194}:195}(Object(Illuminate\Http\Request))\n
#64 /Users/phanithlim/Documents/CRM-system/dgt-system/vendor/laravel/framework/src/Illuminate/Pipeline/Pipeline.php(219): Illuminate\Foundation\Http\Middleware\InvokeDeferredCallbacks->handle(Object(Illuminate\Http\Request), Object(Closure))\n
#65 /Users/phanithlim/Documents/CRM-system/dgt-system/vendor/laravel/framework/src/Illuminate/Http/Middleware/ValidatePathEncoding.php(28): Illuminate\Pipeline\Pipeline->{closure:{closure:Illuminate\Pipeline\Pipeline::carry():194}:195}(Object(Illuminate\Http\Request))\n
#66 /Users/phanithlim/Documents/CRM-system/dgt-system/vendor/laravel/framework/src/Illuminate/Pipeline/Pipeline.php(219): Illuminate\Http\Middleware\ValidatePathEncoding->handle(Object(Illuminate\Http\Request), Object(Closure))\n
#67 /Users/phanithlim/Documents/CRM-system/dgt-system/vendor/laravel/framework/src/Illuminate/Pipeline/Pipeline.php(137): Illuminate\Pipeline\Pipeline->{closure:{closure:Illuminate\Pipeline\Pipeline::carry():194}:195}(Object(Illuminate\Http\Request))\n
#68 /Users/phanithlim/Documents/CRM-system/dgt-system/vendor/laravel/framework/src/Illuminate/Foundation/Http/Kernel.php(175): Illuminate\Pipeline\Pipeline->then(Object(Closure))\n
#69 /Users/phanithlim/Documents/CRM-system/dgt-system/vendor/laravel/framework/src/Illuminate/Foundation/Http/Kernel.php(144): Illuminate\Foundation\Http\Kernel->sendRequestThroughRouter(Object(Illuminate\Http\Request))\n
#70 /Users/phanithlim/Documents/CRM-system/dgt-system/vendor/laravel/framework/src/Illuminate/Foundation/Testing/Concerns/MakesHttpRequests.php(607): Illuminate\Foundation\Http\Kernel->handle(Object(Illuminate\Http\Request))\n
#71 /Users/phanithlim/Documents/CRM-system/dgt-system/vendor/laravel/framework/src/Illuminate/Foundation/Testing/Concerns/MakesHttpRequests.php(427): Illuminate\Foundation\Testing\TestCase->call('PUT', 'https://lightcy...', Array, Array, Array, Array)\n
#72 /Users/phanithlim/Documents/CRM-system/dgt-system/tests/Feature/ShipmentCustomerProductsTest.php(153): Illuminate\Foundation\Testing\TestCase->put('https://lightcy...', Array)\n
#73 /Users/phanithlim/Documents/CRM-system/dgt-system/vendor/phpunit/phpunit/src/Framework/TestCase.php(1314): Tests\Feature\ShipmentCustomerProductsTest->test_tracking_number_is_optional_and_saved_when_provided()\n
#74 /Users/phanithlim/Documents/CRM-system/dgt-system/vendor/phpunit/phpunit/src/Framework/TestCase.php(1351): PHPUnit\Framework\TestCase->invokeTestMethod('test_tracking_n...', Array)\n
#75 /Users/phanithlim/Documents/CRM-system/dgt-system/vendor/phpunit/phpunit/src/Framework/TestCase.php(521): PHPUnit\Framework\TestCase->runTest()\n
#76 /Users/phanithlim/Documents/CRM-system/dgt-system/vendor/phpunit/phpunit/src/Framework/TestRunner/TestRunner.php(99): PHPUnit\Framework\TestCase->runBare()\n
#77 /Users/phanithlim/Documents/CRM-system/dgt-system/vendor/phpunit/phpunit/src/Framework/TestCase.php(361): PHPUnit\Framework\TestRunner->run(Object(Tests\Feature\ShipmentCustomerProductsTest))\n
#78 /Users/phanithlim/Documents/CRM-system/dgt-system/vendor/phpunit/phpunit/src/Framework/TestSuite.php(374): PHPUnit\Framework\TestCase->run()\n
#79 /Users/phanithlim/Documents/CRM-system/dgt-system/vendor/phpunit/phpunit/src/TextUI/TestRunner.php(64): PHPUnit\Framework\TestSuite->run()\n
#80 /Users/phanithlim/Documents/CRM-system/dgt-system/vendor/phpunit/phpunit/src/TextUI/Application.php(229): PHPUnit\TextUI\TestRunner->run(Object(PHPUnit\TextUI\Configuration\Configuration), Object(PHPUnit\Runner\ResultCache\DefaultResultCache), Object(PHPUnit\Framework\TestSuite))\n
#81 /Users/phanithlim/Documents/CRM-system/dgt-system/vendor/phpunit/phpunit/phpunit(104): PHPUnit\TextUI\Application->run(Array)\n
#82 /Users/phanithlim/Documents/CRM-system/dgt-system/vendor/bin/phpunit(122): include('/Users/phanithl...')\n
#83 {main}
""" // tests/Feature/ShipmentCustomerProductsTest.php:161
{"tool":"phpunit","result":"passed","tests":0,"passed":0,"assertions":0,"duration_ms":349}
Fatal error: Premature end of PHP process when running Tests\Feature\ShipmentCustomerProductsTest::test_tracking_number_is_optional_and_saved_when_provided.
